-------------------Language Basics----------------------

[Command Line Argument]

1.  Write a Program that accepts two Strings as command line
arguments and generate the output in the required format.
Example1)
If the two command line arguments are Wipro and Bangalore then the
output generated should be Wipro Technologies Bangalore.
Example2)
If the command line arguments are ABC and Mumbai then the output
generated should be ABC Technologies Mumbai
[Note: It is mandatory to pass two arguments in command line]

2. Write a Program to accept a String as a command line argument and
print a Welcome message as given below.
Example1)
C:\> java Sample John
O/P Expected : Welcome John

3. Write a Program to accept two integers as command line arguments
and print the sum of the two numbers
Example1)
C:\>java Sample 10 20
O/P Expected : The sum of 10 and 20 is 30


-------------------Flow Control Statements----------------------

[If Statement]

1.
A) Write a program to check if a given integer number is
Positive, Negative, or Zero.
B) Given two non-negative int values, print true if they have the
same last digit, such as with 27 and 57.
 lastDigit(7, 17) → true
 lastDigit(6, 17) → false
 lastDigit(3, 113) → true

2.
Write a program to check if a given integer number is odd or
even. 

3.
Write a program to check if the program has received command line
arguments or not.
If the program has not received arguments then print "No Values",
else print all the values in a single line separated by ,(comma)
Example1) java Example
O/P: No values
Example2) java Example Mumbai Bangalore
O/P: Mumbai,Bangalore
[Hint: You can use length property of an array to check its
length]

4.
Initialize two character variables in a program and display the
characters in alphabetical order.
Example1) if the first character is 's' and second character is
'e' then the output should be e,s
Example2) if the first character is 'a' and second character is
'e', then the output should be a,e

5.
Initialize a character variable in a program and
print 'Alphabhet' if the initialized value is an alphabhet,
print 'Digit' if the initialized value is a number, and
print 'Special Character', if the initialized value is anything
else.

6.
Write a program to accept gender ("Male" or "Female") and age
from command line arguments and print the percentage of interest
based on the given conditions.
If the gender is 'Female' and age is between 1 and 58, the
percentage of interest is 8.2%.
If the gender is 'Female' and age is between 59 and 100, the
percentage of interest is 9.2%.
If the gender is 'Male' and age is between 1 and 58, the
percentage of interest is 8.4%.
If the gender is 'Male' and age is between 59 and 100, the
percentage of interest is 10.5%.

7.
Initialize a character variable with an alphabhet in a program.
If the character value is in lowercase, the output should be
displayed in uppercase in the following format.
Example1)
i/p:a
o/p:a->A
If the character value is in uppercase, the output should be
displayed in lowercase in the following format.
Example2)
i/p:A
o/p:A->a

8.
Write a program to receive a color code from the user (an
Alphabhet).
The program should then print the color name, based on the color
code given.
The following are the color codes and their corresponding color
names.
R->Red, B->Blue, G->Green, O->Orange, Y->Yellow, W->White.
If color code provided by the user is not valid then print
"Invalid Code".

[Switch Statement]
9.
Write a program to receive a number and print the corresponding
month name.
Example1)
C:\>java Sample 12
O/P Expected : December
Example2)
C:\>java Sample
O/P Expected : Please enter the month in numbers
Example3)
C:\>java Sample 15
O/P Expected : Invalid month

[For Loop]
10.
Write a program to print numbers from 1 to 10 in a single row
with one tab space. 

11.
Write a program to print even numbers between 23 and 57. Each
number should be printed in a separate row. 

12. Write a program to check if a given number is prime or not. 

13. Write a program to print prime numbers between 10 and 99. 

14.
Write a program to print the sum of all the digits of a given
number.
Example1)
I/P:1234
O/P:10

15.
Write a program to print * in Floyds format (using for and while
loop)
*
* *
* * *
Example1)
C:\>java Sample
O/P: Please enter an integer number
Example2)
C:\>java Sample 3
O/P :
*
* *
* * *

[While Loop]
16.
Write a program to reverse a given number and print
Example1)
I/P: 1234
O/P:4321
Example2)
I/P:1004
O/P:4001

17.
Write a Java program to find if the given number is palindrome or
not
Example1)
C:\>java Sample 110011
O/P: 110011 is a palindrome
Example2)
C:\>java Sample 1234
O/P: 1234 is not a palindrome


-------------------Arrays----------------------

[One dimensional Array]

1.
Write a program to initialize an integer array and print the sum
and average of the array.

2.
Write a program to initialize an integer array and find the
maximum and minimum value of the array.

3.
Write a program to initialize an integer array with values and
check if a given number is present in the array or not.
If the number is not found, it will print -1 else it will print
the index value of the given number in the array.
Example 1) If the Array elements are {1,4,34,56,7} and the search
element is 90, then the output expected is -1.
Example 2)If the Array elements are {1,4,34,56,7} and the search
element is 56, then the output expected is 3.

4.
Initialize an integer array with ascii values and print the
corresponding character values in a single row.

5.
Write a program to find the largest 2 numbers and the smallest 2
numbers in the given array.

6.
Write a program to initialize an array and print them in a sorted
order.

7.
Write a program to remove the duplicate elements in an array and
print the same.
Example)
I/P:{12,34,12,45,67,89}
O/P:{12,34,45,67,89}

8.
Write a program to print the sum of the elements of an array
following the given below condition.
If the array has 6 and 7 in succeeding orders, ignore the numbers
between 6 and 7 and consider the other numbers for calculation of
sum.
Eg1) Array Elements - 10,3,6,1,2,7,9
O/P: 22
[i.e 10+3+9]
Eg2) Array Elements - 7,1,2,3,6
O/P:19
Eg3) Array Elements - 1,6,4,7,9
O/P:10

9.
Print a version of the given array where all the 10's have been
removed. The remaining elements should shift left towards the
start of the array as needed, and the empty spaces at the end of
the array should be 0. So {1, 10, 10, 2} yields {1, 2, 0, 0}. You
may modify and display the given array or make a new array.
withoutTen([1, 10, 10, 2]) → [1, 2, 0, 0]
withoutTen([10, 2, 10]) → [2, 0, 0]
withoutTen([1, 99, 10]) → [1, 99, 0]

10.
Print an array that contains the exact same numbers as the given
array, but rearranged so that all the even numbers come before all
the odd numbers. Other than that, the numbers can be in any order.
You may modify and print the given array, or make a new array.
evenOdd([1, 0, 1, 0, 0, 1, 1]) → [0, 0, 0, 1, 1, 1, 1]
evenOdd([3, 3, 2]) → [2, 3, 3]
evenOdd([2, 2, 2]) → [2, 2, 2]

11.
Given an array of type int, print true if every element is 1 or 4.
only14([1, 4, 1, 4]) → true
only14([1, 4, 2, 4]) → false
only14([1, 1]) → true

12.
Given 2 int arrays, a and b, each length 3, form a new array of
length 2, containing their middle elements.
middleWay([1, 2, 3], [4, 5, 6]) → [2, 5]
middleWay([7, 7, 7], [3, 8, 0]) → [7, 8]
middleWay([5, 2, 9], [1, 4, 5]) → [2, 4]

[Two dimensional Array]
13.
 Write a program to reverse the elements of a given 2*2 array.
Four integer numbers needs to be passed as Command Line arguments.
Example1)
C:\>java Sample 1 2 3
O/P: Please enter 4 integer numbers
Example2)
C:\>java Sample 1 2 3 4
O/P:
 The given array is :
 1 2
 3 4
 The reverse of the array is :
 4 3
 2 1

14.
Write a program to find the biggest number in a 3*3 array. The
program is supposed to receive 9 integer numbers as command line
arguments.
Example1:
C:\>java Sample 1 2 3
O/P: Please enter 9 integer numbers
Example2:
C:\>java Sample 1 23 45 55 121 222 56 77 89
O/P:
The given array is :
1 23 45
55 121 222
56 77 89
The biggest number in the given array is 222












